
> storybook:build
> npm run catalog:check && storybook build --config-dir .storybook --output-dir storybook-static


> catalog:check
> node tools/generate-catalog.mjs --check


[90m┌[39m  Building storybook v10.6.0
[90m│[39m
[32m◇[39m  Cleaning outputDir: [36mstorybook-static[39m
[90m│[39m
[32m◇[39m  Loading presets
[90m│[39m
[32m◇[39m  Building manager..
[90m│[39m
[34m●[39m  Building open services..
[90m│[39m
[34m●[39m  Building preview..
[90m│[39m  [43mVite[49m [36mvite v8.3.0 [32mbuilding client environment for production...[36m[39m
transforming...
[90m│[39m
[34m●[39m  Copying static files:
[90m│[39m  [36mgenerated\iphone-review\frozen-current-2026-10-05[39m at
[90m│[39m  [36mstorybook-static\assets\iphone-review\frozen-current-2026-10-05[39m
[90m│[39m
[34m●[39m  Copying static files: [36mgenerated\device-review\current-2026-10-05[39m at
[90m│[39m  [36mstorybook-static\assets\device-review\current-2026-10-05[39m
[90m│[39m
[34m●[39m  Copying static files: [36mpublic\screens[39m at [36mstorybook-static\screens[39m
[90m│[39m
[34m●[39m  Copying static files:
[90m│[39m  [36m..\assets\studio_equipment\studio_rig_v01\runtime\glb[39m at
[90m│[39m  [36mstorybook-static\assets\studio_equipment\studio_rig_v01\runtime\glb[39m
[90m│[39m
[34m●[39m  Copying static files:
[90m│[39m  [36m..\assets\studio_equipment\studio_rig_v01\runtime\lod[39m at
[90m│[39m  [36mstorybook-static\assets\studio_equipment\studio_rig_v01\runtime\lod[39m
[90m│[39m
[34m●[39m  Copying static files:
[90m│[39m  [36m..\assets\studio_equipment\studio_rig_v01\runtime\collision[39m at
[90m│[39m  [36mstorybook-static\assets\studio_equipment\studio_rig_v01\runtime\collision[39m
[90m│[39m
[34m●[39m  Copying static files: [36mgenerated\scenes[39m at
[90m│[39m  [36mstorybook-static\preview-scenes[39m
✓ 44 modules transformed.
rendering chunks...
computing gzip size...
[90m│[39m  [43mVite[49m storybook-static/iframe.html
[90m│[39m  18.53 kB │ gzip:   5.23 kB
[90m│[39m  storybook-static/assets/scenes.stories-CgNpZenO.js              0.46
[90m│[39m  kB │ gzip:   0.31 kB
[90m│[39m  storybook-static/assets/studio-equipment.stories-GakdeIhH.js    0.59
[90m│[39m  kB │ gzip:   0.37 kB
[90m│[39m  storybook-static/assets/rolldown-runtime-Dh6celcD.js            0.62
[90m│[39m  kB │ gzip:   0.41 kB
[90m│[39m  storybook-static/assets/devices.stories-BAbO0kq3.js             0.72
[90m│[39m  kB │ gzip:   0.44 kB
[90m│[39m  storybook-static/assets/preload-helper-KpucdegZ.js              1.33
[90m│[39m  kB │ gzip:   0.75 kB
[90m│[39m  storybook-static/assets/catalog.stories-vrsm_ThD.js             1.36
[90m│[39m  kB │ gzip:   0.88 kB
[90m│[39m  storybook-static/vite-inject-mocker-entry.js                   27.83
[90m│[39m  kB │ gzip:   9.67 kB
[90m│[39m  storybook-static/assets/iframe-njz0prvn.js                    858.39
[90m│[39m  kB │ gzip: 239.91 kB
[90m│[39m  storybook-static/assets/story-factory-BoDlRPI4.js             957.71
[90m│[39m  kB │ gzip: 288.48 kB

[90m│[39m  [43mVite[49m [32m✓ built in 419ms[39m
[90m│[39m
[33m▲[39m  [43mVite[49m [33m[plugin builtin:vite-reporter]
[90m│[39m  (!) Some chunks are larger than 500 kB after minification. Consider:
[90m│[39m  - Using dynamic import() to code-split the application
[90m│[39m  - Use build.rolldownOptions.output.codeSplitting to improve chunking:
[90m│[39m  ]8;;https://rolldown.rs/reference/OutputOptions.codeSplittinghttps://rolldown.rs/reference/OutputOptions.codeSplitting]8;;
[90m│[39m  - Adjust chunk size limit for this warning via
[90m│[39m  build.chunkSizeWarningLimit.[39m
[90m│[39m
[32m◇[39m  Output directory:
[90m│[39m  F:/Temp/iphone17-v30-topology-rebuild/preview/storybook-static
[90m│[39m
[90m└[39m  Storybook build completed successfully
